#### auditd::config::audit_profiles::stig Audit Rules ####

## Audit unsuccessful file operations
-a always,exit -F arch=b64 -S creat -F exit=-EPERM -F auid>=1000 -F auid!=unset -F key=access
-a always,exit -F arch=b64 -S creat -F exit=-EACCES -F auid>=1000 -F auid!=unset -F key=access
-a always,exit -F arch=b32 -S creat -F exit=-EPERM -F auid>=1000 -F auid!=unset -F key=access
-a always,exit -F arch=b32 -S creat -F exit=-EACCES -F auid>=1000 -F auid!=unset -F key=access

-a always,exit -F arch=b64 -S open -F exit=-EPERM -F auid>=1000 -F auid!=unset -F key=access
-a always,exit -F arch=b64 -S open -F exit=-EACCES -F auid>=1000 -F auid!=unset -F key=access
-a always,exit -F arch=b32 -S open -F exit=-EPERM -F auid>=1000 -F auid!=unset -F key=access
-a always,exit -F arch=b32 -S open -F exit=-EACCES -F auid>=1000 -F auid!=unset -F key=access

-a always,exit -F arch=b64 -S openat -F exit=-EPERM -F auid>=1000 -F auid!=unset -F key=access
-a always,exit -F arch=b64 -S openat -F exit=-EACCES -F auid>=1000 -F auid!=unset -F key=access
-a always,exit -F arch=b32 -S openat -F exit=-EPERM -F auid>=1000 -F auid!=unset -F key=access
-a always,exit -F arch=b32 -S openat -F exit=-EACCES -F auid>=1000 -F auid!=unset -F key=access

-a always,exit -F arch=b64 -S open_by_handle_at -F exit=-EPERM -F auid>=1000 -F auid!=unset -F key=access
-a always,exit -F arch=b64 -S open_by_handle_at -F exit=-EACCES -F auid>=1000 -F auid!=unset -F key=access
-a always,exit -F arch=b32 -S open_by_handle_at -F exit=-EPERM -F auid>=1000 -F auid!=unset -F key=access
-a always,exit -F arch=b32 -S open_by_handle_at -F exit=-EACCES -F auid>=1000 -F auid!=unset -F key=access

-a always,exit -F arch=b64 -S truncate -F exit=-EPERM -F auid>=1000 -F auid!=unset -F key=access
-a always,exit -F arch=b64 -S truncate -F exit=-EACCES -F auid>=1000 -F auid!=unset -F key=access
-a always,exit -F arch=b32 -S truncate -F exit=-EPERM -F auid>=1000 -F auid!=unset -F key=access
-a always,exit -F arch=b32 -S truncate -F exit=-EACCES -F auid>=1000 -F auid!=unset -F key=access

-a always,exit -F arch=b64 -S ftruncate -F exit=-EPERM -F auid>=1000 -F auid!=unset -F key=access
-a always,exit -F arch=b64 -S ftruncate -F exit=-EACCES -F auid>=1000 -F auid!=unset -F key=access
-a always,exit -F arch=b32 -S ftruncate -F exit=-EPERM -F auid>=1000 -F auid!=unset -F key=access
-a always,exit -F arch=b32 -S ftruncate -F exit=-EACCES -F auid>=1000 -F auid!=unset -F key=access

## Audit the execution of password commands
-a always,exit -F path=/usr/bin/passwd -F auid>=1000 -F auid!=unset -F key=privileged-passwd
-a always,exit -F path=/bin/passwd -F auid>=1000 -F auid!=unset -F key=privileged-passwd

-a always,exit -F path=/usr/sbin/unix_chkpwd -F auid>=1000 -F auid!=unset -F key=privileged-passwd
-a always,exit -F path=/sbin/unix_chkpwd -F auid>=1000 -F auid!=unset -F key=privileged-passwd

-a always,exit -F path=/usr/bin/gpasswd -F auid>=1000 -F auid!=unset -F key=privileged-passwd
-a always,exit -F path=/bin/gpasswd -F auid>=1000 -F auid!=unset -F key=privileged-passwd

-a always,exit -F path=/usr/bin/chage -F auid>=1000 -F auid!=unset -F key=privileged-passwd
-a always,exit -F path=/bin/chage -F auid>=1000 -F auid!=unset -F key=privileged-passwd

-a always,exit -F path=/usr/sbin/userhelper -F auid>=1000 -F auid!=unset -F key=privileged-passwd
-a always,exit -F path=/sbin/userhelper -F auid>=1000 -F auid!=unset -F key=privileged-passwd

## Audit the execution of privilege-related commands
-a always,exit -F path=/usr/bin/su -F auid>=1000 -F auid!=unset -F key=privileged-priv_change
-a always,exit -F path=/bin/su -F auid>=1000 -F auid!=unset -F key=privileged-priv_change

-a always,exit -F path=/usr/bin/sudo -F auid>=1000 -F auid!=unset -F key=privileged-priv_change
-a always,exit -F path=/bin/sudo -F auid>=1000 -F auid!=unset -F key=privileged-priv_change

-a always,exit -F path=/usr/bin/newgrp -F auid>=1000 -F auid!=unset -F key=privileged-priv_change
-a always,exit -F path=/bin/newgrp -F auid>=1000 -F auid!=unset -F key=privileged-priv_change

-a always,exit -F path=/usr/bin/chsh -F auid>=1000 -F auid!=unset -F key=privileged-priv_change
-a always,exit -F path=/bin/chsh -F auid>=1000 -F auid!=unset -F key=privileged-priv_change

-a always,exit -F path=/usr/bin/sudoedit -F auid>=1000 -F auid!=unset -F key=privileged-priv_change
-a always,exit -F path=/bin/sudoedit -F auid>=1000 -F auid!=unset -F key=privileged-priv_change

## Audit the execution of postfix-related commands
-a always,exit -F path=/usr/sbin/postdrop -F auid>=1000 -F auid!=unset -F key=privileged-postfix
-a always,exit -F path=/sbin/postdrop -F auid>=1000 -F auid!=unset -F key=privileged-postfix

-a always,exit -F path=/usr/sbin/postqueue -F auid>=1000 -F auid!=unset -F key=privileged-postfix
-a always,exit -F path=/sbin/postqueue -F auid>=1000 -F auid!=unset -F key=privileged-postfix

## Audit the execution of the ssh-keysign command
-a always,exit -F path=/usr/libexec/openssh/ssh-keysign -F auid>=1000 -F auid!=unset -F key=privileged-ssh

## Audit the execution of the crontab command
-a always,exit -F path=/usr/bin/crontab -F auid>=1000 -F auid!=unset -F key=privileged-cron
-a always,exit -F path=/bin/crontab -F auid>=1000 -F auid!=unset -F key=privileged-cron

## Audit the execution of the pam_timestamp_check command
-a always,exit -F path=/usr/sbin/pam_timestamp_check -F auid>=1000 -F auid!=unset -F key=privileged-pam
-a always,exit -F path=/sbin/pam_timestamp_check -F auid>=1000 -F auid!=unset -F key=privileged-pam

## Audit selinux commands
-a always,exit -F path=/usr/sbin/semanage -F auid>=1000 -F auid!=unset -F key=privileged-priv_change
-a always,exit -F path=/sbin/semanage -F auid>=1000 -F auid!=unset -F key=privileged-priv_change

-a always,exit -F path=/usr/sbin/setsebool -F auid>=1000 -F auid!=unset -F key=privileged-priv_change
-a always,exit -F path=/sbin/setsebool -F auid>=1000 -F auid!=unset -F key=privileged-priv_change

-a always,exit -F path=/usr/bin/chcon -F auid>=1000 -F auid!=unset -F key=privileged-priv_change
-a always,exit -F path=/bin/chcon -F auid>=1000 -F auid!=unset -F key=privileged-priv_change

-a always,exit -F path=/usr/sbin/setfiles -F auid>=1000 -F auid!=unset -F key=privileged-priv_change
-a always,exit -F path=/sbin/setfiles -F auid>=1000 -F auid!=unset -F key=privileged-priv_change

-a always,exit -F path=/sbin/restorecon -F auid>=1000 -F auid!=unset -F key=privileged-priv_change
-a always,exit -F path=/usr/sbin/restorecon -F auid>=1000 -F auid!=unset -F key=privileged-priv_change

## Permissions auditing separated by chown, chmod, and attr
-a always,exit -F arch=b64 -S chown -F auid>=1000 -F auid!=unset -F key=perm_mod
-a always,exit -F arch=b32 -S chown -F auid>=1000 -F auid!=unset -F key=perm_mod

-a always,exit -F arch=b64 -S fchown -F auid>=1000 -F auid!=unset -F key=perm_mod
-a always,exit -F arch=b32 -S fchown -F auid>=1000 -F auid!=unset -F key=perm_mod

-a always,exit -F arch=b64 -S lchown -F auid>=1000 -F auid!=unset -F key=perm_mod
-a always,exit -F arch=b32 -S lchown -F auid>=1000 -F auid!=unset -F key=perm_mod

-a always,exit -F arch=b64 -S fchownat -F auid>=1000 -F auid!=unset -F key=perm_mod
-a always,exit -F arch=b32 -S fchownat -F auid>=1000 -F auid!=unset -F key=perm_mod

-a always,exit -F arch=b64 -S chmod -F auid>=1000 -F auid!=unset -F key=perm_mod
-a always,exit -F arch=b32 -S chmod -F auid>=1000 -F auid!=unset -F key=perm_mod

-a always,exit -F arch=b64 -S fchmod -F auid>=1000 -F auid!=unset -F key=perm_mod
-a always,exit -F arch=b32 -S fchmod -F auid>=1000 -F auid!=unset -F key=perm_mod

-a always,exit -F arch=b64 -S fchmodat -F auid>=1000 -F auid!=unset -F key=perm_mod
-a always,exit -F arch=b32 -S fchmodat -F auid>=1000 -F auid!=unset -F key=perm_mod

-a always,exit -F arch=b64 -S setxattr -F auid>=1000 -F auid!=unset -F key=perm_mod
-a always,exit -F arch=b32 -S setxattr -F auid>=1000 -F auid!=unset -F key=perm_mod

-a always,exit -F arch=b64 -S fsetxattr -F auid>=1000 -F auid!=unset -F key=perm_mod
-a always,exit -F arch=b32 -S fsetxattr -F auid>=1000 -F auid!=unset -F key=perm_mod

-a always,exit -F arch=b64 -S lsetxattr -F auid>=1000 -F auid!=unset -F key=perm_mod
-a always,exit -F arch=b32 -S lsetxattr -F auid>=1000 -F auid!=unset -F key=perm_mod

-a always,exit -F arch=b64 -S removexattr -F auid>=1000 -F auid!=unset -F key=perm_mod
-a always,exit -F arch=b32 -S removexattr -F auid>=1000 -F auid!=unset -F key=perm_mod

-a always,exit -F arch=b64 -S fremovexattr -F auid>=1000 -F auid!=unset -F key=perm_mod
-a always,exit -F arch=b32 -S fremovexattr -F auid>=1000 -F auid!=unset -F key=perm_mod

-a always,exit -F arch=b64 -S lremovexattr -F auid>=1000 -F auid!=unset -F key=perm_mod
-a always,exit -F arch=b32 -S lremovexattr -F auid>=1000 -F auid!=unset -F key=perm_mod

## Audit rename/removal operations
-a always,exit -F arch=b64 -S rename -F auid>=1000 -F auid!=unset -F key=delete
-a always,exit -F arch=b32 -S rename -F auid>=1000 -F auid!=unset -F key=delete

-a always,exit -F arch=b64 -S renameat -F auid>=1000 -F auid!=unset -F key=delete
-a always,exit -F arch=b32 -S renameat -F auid>=1000 -F auid!=unset -F key=delete

-a always,exit -F arch=b64 -S rmdir -F auid>=1000 -F auid!=unset -F key=delete
-a always,exit -F arch=b32 -S rmdir -F auid>=1000 -F auid!=unset -F key=delete

-a always,exit -F arch=b64 -S unlink -F auid>=1000 -F auid!=unset -F key=delete
-a always,exit -F arch=b32 -S unlink -F auid>=1000 -F auid!=unset -F key=delete

-a always,exit -F arch=b64 -S unlinkat -F auid>=1000 -F auid!=unset -F key=delete
-a always,exit -F arch=b32 -S unlinkat -F auid>=1000 -F auid!=unset -F key=delete

## Audit the execution of suid and sgid binaries.
-a always,exit -F arch=b64 -S execve -C uid!=euid -F euid=0 -k setuid
-a always,exit -F arch=b64 -S execve -C gid!=egid -F egid=0 -k setgid
-a always,exit -F arch=b32 -S execve -C uid!=euid -F euid=0 -k setuid
-a always,exit -F arch=b32 -S execve -C gid!=egid -F egid=0 -k setgid
-a always,exit -F path=/usr/bin/at -F auid>=1000 -F auid!=unset -F key=setuid/setgid
-a always,exit -F path=/usr/bin/chage -F auid>=1000 -F auid!=unset -F key=setuid/setgid
-a always,exit -F path=/usr/bin/chcon -F auid>=1000 -F auid!=unset -F key=setuid/setgid
-a always,exit -F path=/usr/bin/chfn -F auid>=1000 -F auid!=unset -F key=setuid/setgid
-a always,exit -F path=/usr/bin/chsh -F auid>=1000 -F auid!=unset -F key=setuid/setgid
-a always,exit -F path=/usr/bin/crontab -F auid>=1000 -F auid!=unset -F key=setuid/setgid
-a always,exit -F path=/usr/bin/fusermount -F auid>=1000 -F auid!=unset -F key=setuid/setgid
-a always,exit -F path=/usr/bin/gpasswd -F auid>=1000 -F auid!=unset -F key=setuid/setgid
-a always,exit -F path=/usr/bin/incrontab -F auid>=1000 -F auid!=unset -F key=setuid/setgid
-a always,exit -F path=/usr/bin/ksu -F auid>=1000 -F auid!=unset -F key=setuid/setgid
-a always,exit -F path=/usr/bin/locate -F auid>=1000 -F auid!=unset -F key=setuid/setgid
-a always,exit -F path=/usr/bin/mount -F auid>=1000 -F auid!=unset -F key=setuid/setgid
-a always,exit -F path=/usr/bin/newgidmap -F auid>=1000 -F auid!=unset -F key=setuid/setgid
-a always,exit -F path=/usr/bin/newgrp -F auid>=1000 -F auid!=unset -F key=setuid/setgid
-a always,exit -F path=/usr/bin/newuidmap -F auid>=1000 -F auid!=unset -F key=setuid/setgid
-a always,exit -F path=/usr/bin/passwd -F auid>=1000 -F auid!=unset -F key=setuid/setgid
-a always,exit -F path=/usr/bin/pkexec -F auid>=1000 -F auid!=unset -F key=setuid/setgid
-a always,exit -F path=/usr/bin/screen -F auid>=1000 -F auid!=unset -F key=setuid/setgid
-a always,exit -F path=/usr/bin/ssh-agent -F auid>=1000 -F auid!=unset -F key=setuid/setgid
-a always,exit -F path=/usr/bin/su -F auid>=1000 -F auid!=unset -F key=setuid/setgid
-a always,exit -F path=/usr/bin/sudo -F auid>=1000 -F auid!=unset -F key=setuid/setgid
-a always,exit -F path=/usr/bin/sudoedit -F auid>=1000 -F auid!=unset -F key=setuid/setgid
-a always,exit -F path=/usr/bin/umount -F auid>=1000 -F auid!=unset -F key=setuid/setgid
-a always,exit -F path=/usr/bin/wall -F auid>=1000 -F auid!=unset -F key=setuid/setgid
-a always,exit -F path=/usr/bin/write -F auid>=1000 -F auid!=unset -F key=setuid/setgid
-a always,exit -F path=/usr/bin/Xorg -F auid>=1000 -F auid!=unset -F key=setuid/setgid
-a always,exit -F path=/usr/lib64/dbus-1/dbus-daemon-launch-helper -F auid>=1000 -F auid!=unset -F key=setuid/setgid
-a always,exit -F path=/usr/libexec/dbus-1/dbus-daemon-launch-helper -F auid>=1000 -F auid!=unset -F key=setuid/setgid
-a always,exit -F path=/usr/libexec/openssh/ssh-keysign -F auid>=1000 -F auid!=unset -F key=setuid/setgid
-a always,exit -F path=/usr/libexec/pt_chown -F auid>=1000 -F auid!=unset -F key=setuid/setgid
-a always,exit -F path=/usr/libexec/sssd/krb5_child -F auid>=1000 -F auid!=unset -F key=setuid/setgid
-a always,exit -F path=/usr/libexec/sssd/ldap_child -F auid>=1000 -F auid!=unset -F key=setuid/setgid
-a always,exit -F path=/usr/libexec/sssd/proxy_child -F auid>=1000 -F auid!=unset -F key=setuid/setgid
-a always,exit -F path=/usr/libexec/sssd/selinux_child -F auid>=1000 -F auid!=unset -F key=setuid/setgid
-a always,exit -F path=/usr/libexec/utempter/utempter -F auid>=1000 -F auid!=unset -F key=setuid/setgid
-a always,exit -F path=/usr/lib/polkit-1/polkit-agent-helper-1 -F auid>=1000 -F auid!=unset -F key=setuid/setgid
-a always,exit -F path=/usr/sbin/mount.nfs -F auid>=1000 -F auid!=unset -F key=setuid/setgid
-a always,exit -F path=/usr/sbin/netreport -F auid>=1000 -F auid!=unset -F key=setuid/setgid
-a always,exit -F path=/usr/sbin/pam_timestamp_check -F auid>=1000 -F auid!=unset -F key=setuid/setgid
-a always,exit -F path=/usr/sbin/postdrop -F auid>=1000 -F auid!=unset -F key=setuid/setgid
-a always,exit -F path=/usr/sbin/postqueue -F auid>=1000 -F auid!=unset -F key=setuid/setgid
-a always,exit -F path=/usr/sbin/restorecon -F auid>=1000 -F auid!=unset -F key=setuid/setgid
-a always,exit -F path=/usr/sbin/semanage -F auid>=1000 -F auid!=unset -F key=setuid/setgid
-a always,exit -F path=/usr/sbin/setfiles -F auid>=1000 -F auid!=unset -F key=setuid/setgid
-a always,exit -F path=/usr/sbin/setsebool -F auid>=1000 -F auid!=unset -F key=setuid/setgid
-a always,exit -F path=/usr/sbin/seunshare -F auid>=1000 -F auid!=unset -F key=setuid/setgid
-a always,exit -F path=/usr/sbin/unix_chkpwd -F auid>=1000 -F auid!=unset -F key=setuid/setgid
-a always,exit -F path=/usr/sbin/userhelper -F auid>=1000 -F auid!=unset -F key=setuid/setgid
-a always,exit -F path=/usr/sbin/usernetctl -F auid>=1000 -F auid!=unset -F key=setuid/setgid

## Audit the loading and unloading of kernel modules.
-w /usr/bin/kmod -p x -F auid!=unset -F key=module-change
-w /bin/kmod -p x -F auid!=unset -F key=module-change
-w /usr/sbin/insmod -p x -F auid!=unset -F key=module-change
-w /sbin/insmod -p x -F auid!=unset -F key=module-change

-w /usr/sbin/rmmod -p x -F auid!=unset -F key=module-change
-w /sbin/rmmod -p x -F auid!=unset -F key=module-change

-w /usr/sbin/modprobe -p x -F auid!=unset -F key=module-change
-w /sbin/modprobe -p x -F auid!=unset -F key=module-change

-a always,exit -F arch=b64 -S create_module -F key=module-change
-a always,exit -F arch=b32 -S create_module -F key=module-change

-a always,exit -F arch=b64 -S init_module -F key=module-change
-a always,exit -F arch=b32 -S init_module -F key=module-change

-a always,exit -F arch=b64 -S finit_module -F key=module-change
-a always,exit -F arch=b32 -S finit_module -F key=module-change

-a always,exit -F arch=b64 -S delete_module -F key=module-change
-a always,exit -F arch=b32 -S delete_module -F key=module-change

## Audit mount operations
-a always,exit -F arch=b64 -S mount -F auid>=1000 -F auid!=unset -F key=privileged-mount
-a always,exit -F arch=b64 -F path=/usr/bin/mount -F auid>=1000 -F auid!=unset -F key=privileged-mount
-a always,exit -F arch=b64 -F path=/bin/mount -F auid>=1000 -F auid!=unset -F key=privileged-mount
-a always,exit -F arch=b32 -S mount -F auid>=1000 -F auid!=unset -F key=privileged-mount
-a always,exit -F arch=b32 -F path=/usr/bin/mount -F auid>=1000 -F auid!=unset -F key=privileged-mount
-a always,exit -F arch=b32 -F path=/bin/mount -F auid>=1000 -F auid!=unset -F key=privileged-mount

-a always,exit -F path=/usr/bin/umount -F auid>=1000 -F auid!=unset -F key=privileged-mount
-a always,exit -F path=/bin/umount -F auid>=1000 -F auid!=unset -F key=privileged-mount

## Audit local accounts
-w /etc/passwd -p wa -F key=identity

-w /etc/group -p wa -F key=identity

-w /etc/gshadow -p wa -F key=identity

-w /etc/shadow -p wa -F key=identity

-w /etc/security/opasswd -p wa -F key=identity

## Audit login files
-w /var/log/tallylog -p wa -F key=logins

-w /var/run/faillock -p wa -F key=logins

-w /var/log/lastlog -p wa -F key=logins

## Audit sudoers configuration files
-w /etc/sudoers -p wa -F key=privileged-actions
-w /etc/sudoers.d/ -p wa -F key=privileged-actions
